[INFO] Scanning for projects...
[INFO] 
[INFO] --------------------< com.shunyalink:url-shortener >--------------------
[INFO] Building url-shortener 0.0.1-SNAPSHOT
[INFO]   from pom.xml
[INFO] --------------------------------[ jar ]---------------------------------
[INFO] 
[INFO] --- resources:3.3.1:resources (default-resources) @ url-shortener ---
[INFO] Copying 1 resource from src\main\resources to target\classes
[INFO] Copying 6 resources from src\main\resources to target\classes
[INFO] 
[INFO] --- compiler:3.13.0:compile (default-compile) @ url-shortener ---
[INFO] Recompiling the module because of changed source code.
[INFO] Compiling 46 source files with javac [debug parameters release 21] to target\classes
[INFO] -------------------------------------------------------------
[ERROR] COMPILATION ERROR : 
[INFO] -------------------------------------------------------------
[ERROR] /C:/Users/madha/Documents/shunyalink/backend/src/main/java/com/shunyalink/auth/ProfileController.java:[30,50] cannot find symbol
  symbol:   method getProfile(java.lang.String)
  location: variable authService of type com.shunyalink.auth.AuthService
[ERROR] /C:/Users/madha/Documents/shunyalink/backend/src/main/java/com/shunyalink/auth/ProfileController.java:[37,55] cannot find symbol
  symbol:   method getBioLinks(java.lang.Long)
  location: variable dbUrlService of type com.shunyalink.url.DbUrlService
[ERROR] /C:/Users/madha/Documents/shunyalink/backend/src/main/java/com/shunyalink/auth/ProfileController.java:[70,20] cannot find symbol
  symbol:   method updateProfile(java.lang.Long,com.shunyalink.auth.ProfileUpdateRequest)
  location: variable authService of type com.shunyalink.auth.AuthService
[INFO] 3 errors 
[INFO] -------------------------------------------------------------
[INFO] ------------------------------------------------------------------------
[INFO] BUILD FAILURE
[INFO] ------------------------------------------------------------------------
[INFO] Total time:  7.514 s
[INFO] Finished at: 2026-03-26T14:08:23+05:30
[INFO] ------------------------------------------------------------------------
[ERROR] Failed to execute goal org.apache.maven.plugins:maven-compiler-plugin:3.13.0:compile (default-compile) on project url-shortener: Compilation failure: Compilation failure: 
[ERROR] /C:/Users/madha/Documents/shunyalink/backend/src/main/java/com/shunyalink/auth/ProfileController.java:[30,50] cannot find symbol
[ERROR]   symbol:   method getProfile(java.lang.String)
[ERROR]   location: variable authService of type com.shunyalink.auth.AuthService
[ERROR] /C:/Users/madha/Documents/shunyalink/backend/src/main/java/com/shunyalink/auth/ProfileController.java:[37,55] cannot find symbol
[ERROR]   symbol:   method getBioLinks(java.lang.Long)
[ERROR]   location: variable dbUrlService of type com.shunyalink.url.DbUrlService
[ERROR] /C:/Users/madha/Documents/shunyalink/backend/src/main/java/com/shunyalink/auth/ProfileController.java:[70,20] cannot find symbol
[ERROR]   symbol:   method updateProfile(java.lang.Long,com.shunyalink.auth.ProfileUpdateRequest)
[ERROR]   location: variable authService of type com.shunyalink.auth.AuthService
[ERROR] -> [Help 1]
[ERROR] 
[ERROR] To see the full stack trace of the errors, re-run Maven with the -e switch.
[ERROR] Re-run Maven using the -X switch to enable full debug logging.
[ERROR] 
[ERROR] For more information about the errors and possible solutions, please read the following articles:
[ERROR] [Help 1] http://cwiki.apache.org/confluence/display/MAVEN/MojoFailureException
